// Jest Snapshot v1, https://goo.gl/fbAQLP

exports[`examples of some things 1`] = `
<View
  style={
    [
      {
        "alignItems": "center",
        "backgroundColor": "#fff",
        "flexBasis": 0,
        "flexGrow": 1,
        "flexShrink": 1,
        "justifyContent": "center",
      },
    ]
  }
>
  s
  <Text
    style={
      [
        {},
      ]
    }
  >
    E-commerce
  </Text>
</View>
`;
